// Vitest Snapshot v1

exports[`matches snapshot 1`] = `
<DocumentFragment>
  <div
    class="MuiBox-root css-5oatbi"
    data-testid="PlayingCard"
  >
    <img
      class="PlayingCard-image"
    />
  </div>
</DocumentFragment>
`;
